[0m             þ([1;30m -¾o [0mù[1;30m_ -  [0mø[1;30m_[0mÜž[1;30mì                 í[0mÜ[1;30m_ø À _ù [0m"oÓ- [1;30m)[0mþ
[1m              [0m`Íw[1;30m _[0m¿-¾ [1;30m[0m("[1;30m~  [0mÌ[1;30mÝ` [0m_Ú"[1;30mù_  [0m©"¿_[1;30m'_[0mÞ[1;30m¹[0m  ~")[1;30m_ ÔÀ Ú_ [0mwÍ'
                 [1;30m`"[0mÞ_[1;30mÀ   [0mõ[1;30m Õ[0m¿" Þ[1;30mð[0m¾[1;30m   [0m,÷'   Ôð[1;30mÝ  Ú¸ [0mõ~~ß>[1;30m_Ý"'[0m
                    Þ_ [1;30m© 'Éß [0m_[1;30mô  Ò"[0m·[1;30m     Ö[0m"Ò  õ_ ß»[1;30m` ª [0m_[1;30mÝ[0m
                     "Óþ Ý ,   õ ¹½' .-( `ÓÌ ô   . Þ ß½[1;30m"[0m
                          Ó÷Ý  ÷Ü/"½   Ó"\Ü÷  Þ÷½
                            ßðz  Ý           ´ðß
                                _Þ             [1;30m`þ [0m_
                          _[1;30mÚÜ[0mÌÎ[1mß×Ý           _ÜÜ²[0mß[1;30m¹[0m»[1;30mÜ[0m
                       _[1;30mÜ=[0mÛ¼[1mù~²’ÌÛ  »  Î  É  Û Ö²²Ö[0m²[1m¿[0m`¿»[1m_[0m
                    [1mù[0mÜ[1;30mí[0m²[1mß¼Öíß¼ßþÛ  º  º  º  Û²»  "Ó²"ßß¹ßÖ[0m-.
                  [1m_ßß¼¶/ÚÌÛË/'Ü²Û  º  º  º _Û’²· ø\Ûµ`\"²ÚÜ[0mÝ¿
                Ö²[1m^/'Ü½ßß×¼,ÞÛ²ÝßÊ[0mþÜ[1mÊ[0mþÜ[1mÊ[0mþÜ[1mÊ[0mþÜ[1;30m¼[0mÞ²Û[1mÛ[0mº¾[1m "ÈÜßÐ×· [0mÎ`
               Þß[1m²íßßÝ/øÖÛ[0mÒ[1mß~~                [0m~[1;30m"^[0mÓ[1;30m²[37m_`\Þ . ÔÛ¹[0m²[1mù[0m
             [1múÕ'ÜÝ/'ÞÛÉí[0m²[1;30m¹ü[37m                        [30mý[0m¼[1m²…È»_…Ú¼~ß[0mÛ_
             [1mÜß~Þ²¼ßÛ¼[0mÚÌ[1;30mß^[0m                          [1;30m^'[37mÛ õ¼þ²·`\(Û[30mÜú[0m
           Ú[1mÉ'/Ü²'ô'ÞÛ[0mß         [1mWELCOME  TO THE        [30mß[0m²[1m  Ô²ß¼¬Ì[0mß[1;30mÝ[0m
           ²[1mß²ß ßÜÌÜ²[0mÝ          [1m2024[0m  [1mMiSTiGRiS         [0mª[1;30m»[37m`\Ý ; Þ[0møÛ
          °[1mÝ[0mø[1mÝ ; ²¼[0mÎß'[1m          ADVENT[0m [1mCALENDAR         [0múÞ[1m²²¹ Þ Þ’[0m¼[1mÝ[0m
          [1mÝ[0m’[1m²ÝÚÝ ²É[30m¼                   [37m.                  ²`ß²Û²[0mþ¾[1mÚ²[0m¿
         Õ[1m²[0m¿Ô[1mþ²Ûíß[0mÎ[1;30m³[0m                                      ^[1m²¸_"ß[0mþ²[1m²Û[30m¾[0m
         ³[1m²ß[0m×[1m²ß"_[0mÉ[1;30m¹[0mú                                      ú[1mÞ[0mÓ[1mß²ÜÒ`ß[0mÛú
         Ô[1m²Ü¼,_Üß[0mÛÎ[1;30m                                        [0m²[1mÜ²¾¼²ß²[0m¶[1;30mµ[0m
         úÞ[1m¼É²ßß²²[0mÛ_       [1;30m to navigate   [0mq [1;30mto quit[0m     [1;30mÞ[0mÛ[1m¹í ,ÓÌ³[0mÞ[1;30m¹[0m
[1m          [0mÞ[1m²¹½Þ´ ×²[0m².[1m                                    [30m,[0mÇ[1m²² ÃÝ Þ[0m×[1;30m²[0mÝ